{
  "547481": {
    "code": "547481",
    "title": "Failed to load VM",
    "message": "You've stumbled upon a VM that requires a newer version of VMsHARE.",
    "buttonText": "Open VMsHARE 2.0",
    "buttonUrl": "https://prototype.e1x8.xyz"
  },
  "200": {
    "code": "200",
    "title": "Failed to load VM",
    "message": "Whoops! it seems like the VM error manager was called by mistake",
  }
  "422": {
    "code": "422",
    "title": "RUN",
    "message": "Ḩ̵̧͈͙͔̺̟̣̺̰̬͇͕̟̮̹̲͙̜̪̤̲͙̝͙̬̟̟͍̟͇̦͖̣͖̹̠̃̽̋̌̀̄̽̿͑̀̇̔͒͂͝͝ͅͅͅͅȨ̶̣͔͉͕̬̫̗̠͖͇̰̟̞̫̩̫̯̦͇̰͈̬͎̭̼͔̂̊͂͌͂̌̌̿͜͝͝͝L̵̢̛̦̘̩̲̻͒̐̐̃̈̈́̇̽̎̅̾̾̀̓̍̚͠P̴̢̛̮̥̱̬̲̞̟̬̼̜̬̬̗̼̞̤̝͓̙̜͐͑̂̅̄̀̀̀̐͑̎̐̋̋̍͌̀̉͋̽̊̾͛̍͂̎̂̐͛͆̈́͝ ̷̩̦̱͕̲͈̬̭̼̟̈́̓Ǘ̸̢̨̡͓͎̱̻͓͉̬͇̙̪͙̥̬̫͇͕̱̞̻̜̦̞̘̱̘̼͙̻̗̬̝͚̘͉̥̙̩͍̌̐͂͝S̶̢̛̛̻̲͔͓̘̙͖̘̘̤̲̙̠̣̣̝̊͂̍̈́̈͊̄͊̾̊̑͋̃͗͒̄̀͋͗̉̒̆̏̈́̕͘̚͘̕͜͝",
    "buttonText": "Y̷̡̢̨̡̢̢̼͚͈̠̻̼̠͓̲͔̞͚̪̮̤̰͚̲͉̰͔̟̯̳̯̳̲̳̘͓͉̰̺̺͓͔̟̹̹͈̤̎͊͑͋͆̃̂̄̃́͌̉͆̋̍̾̾̑́̀̈́̍̈̈͑̉̏̑̅́̒͐̚̕̚͘͜͝͝͝͠ͅͅƠ̴̥̬͎̝̏̈́̋͂̏̓͌̑̍͝͠ͅU̴̡̮̹̠̘͉͉̯͍̳̫̗͇͇͖͚̹͍̩̤̫̼̍̎̆̑̾͂̎̄̃̋̆͗̎̌͒̊͊̌͑̒́̏̒̐̄̄̔͗́͊͆̏͆́̍̎̑̚͜͝͠͝͝ ̴̢̧̛͙̗̼̩̩͍̠̱̭̺̘͖̮̱̘̝͖̖̦̘̥̱̥̭͈͔͓̮̹̜̮̝͎͐͂͒̓͑̄͑̉͆͂̋̄͌̔̄̐͋̈̐̑̊̈́̀̃̑̀̈͌̌̑͠Ċ̴̡̧̛̤̻̠̳̘̞͙̄̇̐̕͘A̷̧̛͎̰̩͍̖̱̻̦̫̪̒̏̉̓̓͑̈́̅̄̅̋̄̑̎̌͑͆̎̓͛̈́̄͛͒̑̾̒͌̓̏͑̽̚͠͝͝͠͝͝͝N̷̡̧͙͍̞̪̥̘̖͎̳̙͔̥͕̯̪̠̩̩̠̟̟͖̦͆̑́̈̐̅̃̄́̽̐̽̾̐͋͊̏̈́̌̎̈́̇̏̋̿͋̄͗̀̑̕̚͝͝N̴͎͚͖̖̮̑͌̈́̈͑̎́̍̔O̵̡̢̧̨̢̱̩̺͈͈̦̱̟̞̣̰͔̠̣̘̝̦̙̟͙̳̯̫̬̗̩͉̩̭͚̠͒̀̀̽̾̅̓̈́͂̑̇̒̐̄̉͂̉͗̓͂̐̃̓̈̊̽͊͐̑͗̎̉͌͗́̄̔̾̉̈́͊̕͘̚̕͜͝ͅT̵̨̖̪͕̮̤̖̬̙̫͎̞͚͈͇̥̬̟̼̞̤̙͕̞͈̱̳͑̌̀͆̈́̐͂̈́̌̊͒̎̈́̕͜͝ ̴̢̢̧̨̧̢̡̧̪̮̞̜͖͓̯͙͖̼̱͎͎͈̻͖͔̳̙͉̰̲̩͕͕̯̰̱̗̩͎̝̘͔̗̎͒̐̑͐̂̇̕̕͝͝ͅḨ̴̧̧̨̧̞̘̗̯̙̻̫͔̪̬̟̼͕̹̣͈̲̩̩̟̩̘̪̯̭͓͔̙͙̽͗̋̓̉̓͗͒̅̈̅̊̂́͗̎͋͆ͅͅḮ̷̯͛͑͋̅̒̿͗̆̿͐̽̇͋̐̓̌̽̒̎̍͒̑̍̂̅̎͋͊̾̃̚̕͘͠͝͝D̴̢̢̡̺͉̥͉͚̯̯͇̱͙̞͎̲̥͕̪̘̝̯̬͔̪̬̬͈̜̲̜͔̠͍̖̳̘̙̦͙̰̬̄̉͌̃́̉͆́̍͛̓̌̏̒̄͊͑̒̅̋̀̑̚͝͝ͅͅĚ̷̤̖͕̗͇̤̗̫̳͍̯̠̠̪͈̼̟̬̃̽͊̔̉̕",
    "buttonUrl": "https://blank.org"
  },
}
